E:\PROYECTO DE POO\SweetLabBakery\src\model\HistorialVenta.java
E:\PROYECTO DE POO\SweetLabBakery\src\dao\ProductoDAO.java
E:\PROYECTO DE POO\SweetLabBakery\src\model\Promocion.java
E:\PROYECTO DE POO\SweetLabBakery\src\database\ConexionBD.java
E:\PROYECTO DE POO\SweetLabBakery\src\model\ItemPedido.java
E:\PROYECTO DE POO\SweetLabBakery\src\dao\HistorialVentaDAO.java
E:\PROYECTO DE POO\SweetLabBakery\src\model\CarroCompras.java
E:\PROYECTO DE POO\SweetLabBakery\src\util\ImagenesUtil.java
E:\PROYECTO DE POO\SweetLabBakery\src\model\Pedido.java
E:\PROYECTO DE POO\SweetLabBakery\src\model\ItemFactura.java
E:\PROYECTO DE POO\SweetLabBakery\src\util\ReportesUtil.java
E:\PROYECTO DE POO\SweetLabBakery\src\Main.java
E:\PROYECTO DE POO\SweetLabBakery\src\view\SweetLabApp.java
E:\PROYECTO DE POO\SweetLabBakery\src\controller\TiendaSweetLab.java
E:\PROYECTO DE POO\SweetLabBakery\src\dao\PedidoDAO_new.java
E:\PROYECTO DE POO\SweetLabBakery\src\dao\PromocionDAO.java
E:\PROYECTO DE POO\SweetLabBakery\src\model\Cliente.java
E:\PROYECTO DE POO\SweetLabBakery\src\dao\ClienteDAO.java
E:\PROYECTO DE POO\SweetLabBakery\src\util\JsonUtil.java
E:\PROYECTO DE POO\SweetLabBakery\src\dao\FacturaDAO.java
E:\PROYECTO DE POO\SweetLabBakery\src\model\Factura.java
E:\PROYECTO DE POO\SweetLabBakery\src\model\Producto.java
